[www.elathemes.com/themes/divano/index.html]
[www.elathemes.com/themes/divano/favicon.ico]
[backblue.gif]
[fade.gif]
[index.html]
[www.elathemes.com/themes/divano/css/animate.css]
[www.elathemes.com/themes/divano/css/bootstrap.css]
[www.elathemes.com/themes/divano/css/font-awesome.css]
[www.elathemes.com/themes/divano/css/ion-range-slider.css]
[www.elathemes.com/themes/divano/css/linear-icons.css]
[www.elathemes.com/themes/divano/css/magnific-popup.css]
[www.elathemes.com/themes/divano/css/owl.carousel.css]
[www.elathemes.com/themes/divano/assets/images/slide-1.jpg]
[www.elathemes.com/themes/divano/css/theme.css]
[www.elathemes.com/themes/divano/assets/images/slide-2.jpg]
[www.elathemes.com/themes/divano/assets/images/slide-3.jpg]
[www.elathemes.com/themes/divano/category.html]
[www.elathemes.com/themes/divano/products-grid.html]
[www.elathemes.com/themes/divano/assets/images/product-1.jpg]
[www.elathemes.com/themes/divano/assets/images/product-2.jpg]
[www.elathemes.com/themes/divano/assets/images/product-3.jpg]
[www.elathemes.com/themes/divano/product.html]
[www.elathemes.com/themes/divano/assets/images/product-10.jpg]
[www.elathemes.com/themes/divano/assets/images/product-9.jpg]
[www.elathemes.com/themes/divano/assets/images/product-8.jpg]
[www.elathemes.com/themes/divano/assets/images/product-7.jpg]
[www.elathemes.com/themes/divano/assets/images/product-6.jpg]
[www.elathemes.com/themes/divano/assets/images/product-5.jpg]
[www.elathemes.com/themes/divano/assets/images/item-1.jpg]
[www.elathemes.com/themes/divano/assets/images/item-2.jpg]
[www.elathemes.com/themes/divano/assets/images/box-1.jpg]
[www.elathemes.com/themes/divano/assets/images/box-2.jpg]
[www.elathemes.com/themes/divano/assets/images/box-3.jpg]
[www.elathemes.com/themes/divano/assets/images/box-4.jpg]
[www.elathemes.com/themes/divano/assets/images/box-5.jpg]
[www.elathemes.com/themes/divano/blog-grid.html]
[www.elathemes.com/themes/divano/article.html]
[www.elathemes.com/themes/divano/assets/images/gallery-1.jpg]
[www.elathemes.com/themes/divano/assets/images/product-4.jpg]
[www.elathemes.com/themes/divano/js/jquery.min.js]
[www.elathemes.com/themes/divano/js/include.js]
[www.elathemes.com/themes/divano/js/bootstrap.js]
[www.elathemes.com/themes/divano/js/ion.rangeSlider.js]
[www.elathemes.com/themes/divano/js/magnific-popup.js]
[www.elathemes.com/themes/divano/js/tilt.jquery.js]
[www.elathemes.com/themes/divano/js/owl.carousel.js]
[www.elathemes.com/themes/divano/js/bigtext.js]
[www.elathemes.com/themes/divano/js/jquery.easypiechart.js]
[www.elathemes.com/themes/divano/js/main.js]
[www.elathemes.com/themes/divano/index.html]
[www.elathemes.com/themes/divano/css/bootstrap.css]
[www.elathemes.com/themes/divano/css/animate.css]
[www.elathemes.com/themes/divano/fonts/fontawesome-webfont3e6e.eot]
[www.elathemes.com/themes/divano/fonts/fontawesome-webfontd41d.eot]
[www.elathemes.com/themes/divano/fonts/fontawesome-webfont3e6e.woff2]
[www.elathemes.com/themes/divano/fonts/fontawesome-webfont3e6e.woff]
[www.elathemes.com/themes/divano/fonts/fontawesome-webfont3e6e.ttf]
[www.elathemes.com/themes/divano/css/font-awesome.css]
[www.elathemes.com/themes/divano/css/img/sprite-skin-nice.png]
[www.elathemes.com/themes/divano/css/ion-range-slider.css]
[www.elathemes.com/themes/divano/fonts/linearIcons54e9.eot]
[www.elathemes.com/themes/divano/fonts/linearIconsd41d.eot]
[www.elathemes.com/themes/divano/fonts/linearIcons54e9.woff2]
[www.elathemes.com/themes/divano/fonts/linearIcons54e9.woff]
[www.elathemes.com/themes/divano/fonts/linearIcons54e9.ttf]
[www.elathemes.com/themes/divano/css/linear-icons.css]
[www.elathemes.com/themes/divano/css/magnific-popup.css]
[www.elathemes.com/themes/divano/css/owl.carousel.css]
[www.elathemes.com/themes/divano/assets/images/x.png]
[www.elathemes.com/themes/divano/css/img/header-bg.jpg]
[www.elathemes.com/themes/divano/css/theme.css]
[www.elathemes.com/themes/divano/assets/images/item-4.jpg]
[www.elathemes.com/themes/divano/category.html]
[www.elathemes.com/themes/divano/products-list.html]
[www.elathemes.com/themes/divano/assets/images/item-3.jpg]
[www.elathemes.com/themes/divano/assets/images/item-5.jpg]
[www.elathemes.com/themes/divano/assets/images/item-6.jpg]
[www.elathemes.com/themes/divano/assets/images/item-7.jpg]
[www.elathemes.com/themes/divano/assets/images/item-8.jpg]
[www.elathemes.com/themes/divano/products-grid.html]
[www.elathemes.com/themes/divano/assets/images/user.jpg]
[www.elathemes.com/themes/divano/assets/images/specs.png]
[www.elathemes.com/themes/divano/product.html]
[www.elathemes.com/themes/divano/blog-grid.html]
[www.elathemes.com/themes/divano/article.html]
[www.elathemes.com/themes/divano/fonts/fontawesome-webfont3e6e.svg]
[www.elathemes.com/themes/divano/fonts/linearIcons54e9.svg]
[www.elathemes.com/themes/divano/css/owl.video.play.html]
[www.elathemes.com/themes/divano/assets/icons/icon-sofa.svg]
[www.elathemes.com/themes/divano/assets/icons/icon-armchair.svg]
[www.elathemes.com/themes/divano/assets/icons/icon-chair.svg]
[www.elathemes.com/themes/divano/assets/icons/icon-dining.svg]
[www.elathemes.com/themes/divano/assets/icons/icon-mediacabinet.svg]
[www.elathemes.com/themes/divano/assets/icons/icon-table.svg]
[www.elathemes.com/themes/divano/assets/icons/icon-bookcase.svg]
[www.elathemes.com/themes/divano/assets/icons/icon-bedroom.svg]
[www.elathemes.com/themes/divano/assets/icons/icon-nightstand.svg]
[www.elathemes.com/themes/divano/assets/icons/icon-kidsroom.svg]
[www.elathemes.com/themes/divano/assets/icons/icon-kitchen.svg]
[www.elathemes.com/themes/divano/assets/icons/icon-wardrobe.svg]
[www.elathemes.com/themes/divano/assets/icons/icon-shocabinet.svg]
[www.elathemes.com/themes/divano/assets/icons/icon-office.svg]
[www.elathemes.com/themes/divano/assets/icons/icon-barset.svg]
[www.elathemes.com/themes/divano/assets/icons/icon-light.svg]
[www.elathemes.com/themes/divano/assets/icons/icon-carpet.svg]
[www.elathemes.com/themes/divano/assets/icons/icon-accessories.svg]
[www.elathemes.com/themes/divano/assets/icons/icon-bathroom.svg]
[www.elathemes.com/themes/divano/products-list.html]
[www.elathemes.com/themes/divano/$.html]
